PS C:\Users\hakaru\OneDrive\デスクトップ\旧PC_Dドライブ\勉強\IT\プログラム\SAMURAI\git> cd git_challenge
PS C:\Users\hakaru\OneDrive\デスクトップ\旧PC_Dドライブ\勉強\IT\プログラム\SAMURAI\git\git_challenge> git init
Initialized empty Git repository in C:/Users/hakaru/OneDrive/デスクトップ/旧PC_Dドライブ/勉強/IT/プログラム/SAMURAI/git/git_challenge/.git/
PS C:\Users\hakaru\OneDrive\デスクトップ\旧PC_Dドライブ\勉強\IT\プログラム\SAMURAI\git\git_challenge> git add hello_world.txt
PS C:\Users\hakaru\OneDrive\デスクトップ\旧PC_Dドライブ\勉強\IT\プログラム\SAMURAI\git\git_challenge> git commit -m "hello_world.txtを追加"
[master (root-commit) d7ede9f] hello_world.txtを追加
 1 file changed, 1 insertion(+)
 create mode 100644 hello_world.txt
PS C:\Users\hakaru\OneDrive\デスクトップ\旧PC_Dドライブ\勉強\IT\プログラム\SAMURAI\git\git_challenge> git status
On branch master
Changes not staged for commit:
  (use "git add <file>..." to update what will be committed)
  (use "git restore <file>..." to discard changes in working directory)
        modified:   hello_world.txt

no changes added to commit (use "git add" and/or "git commit -a")
PS C:\Users\hakaru\OneDrive\デスクトップ\旧PC_Dドライブ\勉強\IT\プログラム\SAMURAI\git\git_challenge> git add hello_world.txt
PS C:\Users\hakaru\OneDrive\デスクトップ\旧PC_Dドライブ\勉強\IT\プログラム\SAMURAI\git\git_challenge> git commit -m "日本語訳を追記"
[master 5811e36] 日本語訳を追記
 1 file changed, 2 insertions(+), 1 deletion(-)
PS C:\Users\hakaru\OneDrive\デスクトップ\旧PC_Dドライブ\勉強\IT\プログラム\SAMURAI\git\git_challenge> git log --oneline
5811e36 (HEAD -> master) 日本語訳を追記
d7ede9f hello_world.txtを追加
PS C:\Users\hakaru\OneDrive\デスクトップ\旧PC_Dドライブ\勉強\IT\プログラム\SAMURAI\git\git_challenge> Please enter the commit message for your changes.